C:\Users\jcro_\Documents\MCUXpressoIDE_11.6.0_8187\workspace\frdmk64f_lwip_mqtt_freertos\drivers/fsl_gpio.h:221:20:GPIO_PortToggle	16	static
../source/lwip_mqtt_freertos.c:166:13:mqtt_topic_subscribed_cb	24	static
../source/lwip_mqtt_freertos.c:183:13:mqtt_incoming_publish_cb	24	static
../source/lwip_mqtt_freertos.c:193:13:mqtt_incoming_data_cb	32	static
../source/lwip_mqtt_freertos.c:235:13:mqtt_subscribe_topics	40	static
../source/lwip_mqtt_freertos.c:263:13:mqtt_connection_cb	32	static
../source/lwip_mqtt_freertos.c:310:13:connect_to_mqtt	24	static
../source/lwip_mqtt_freertos.c:323:13:mqtt_message_published_cb	24	static
../source/lwip_mqtt_freertos.c:340:13:publish_grados	40	static
../source/lwip_mqtt_freertos.c:355:13:publish_message	48	static
../source/lwip_mqtt_freertos.c:367:13:publish_message_ready	48	static
../source/lwip_mqtt_freertos.c:379:13:publish_reset	48	static
../source/lwip_mqtt_freertos.c:393:13:app_thread	56	static
../source/lwip_mqtt_freertos.c:555:13:generate_client_id	48	static
../source/lwip_mqtt_freertos.c:578:13:stack_init	56	static
../source/lwip_mqtt_freertos.c:631:5:main	24	static
